        Generalplus 6502 Assembler - Version 1.7.1.0  
              Listing File Has Been Relocated

     1                              ;==================================================================================
     2                              ; The information contained herein is the exclusive property of
     3                              ; Generalplus Technology Co. And shall not be distributed, reproduced,
     4                              ; or disclosed in whole in part without prior written permission.
     5                              ;       (C) COPYRIGHT 2017   Generalplus TECHNOLOGY CO.                            
     6                              ;                   ALL RIGHTS RESERVED
     7                              ; The entire notice above must be reproduced on all authorized copies.
     8                              ;==================================================================================
     9                              ;==================================================================================
    10                              ; Name                  : Startup.asm
    11                              ; Applied Body          : GPL813X
    12                              ; Programmer            : 
    13                              ; Description           : 
    14                              ; History version       : 
    15                              ;==================================================================================
    16                              
    17                              ;==========================================
    18                              ; Compiler parameter define
    19                              ;==========================================
    20                              .SYNTAX 6502
    21                              .LINKLIST
    22                              .SYMBOLS
    23                              
    24                              ;==========================================
    25                              ; Constant define area
    26                              ;==========================================
    27                              
    28                              
    29                              
    30                              
    31                              ;==========================================
    32                              ; Include file area
    33                              ;==========================================
    34                              
    35                              
    36                              
    37                              
    38                              ;==========================================
    39                              ; External declare area
    40                              ;==========================================
    41                              .EXTERN User_Code_Start
    42                              
    43                              ;==========================================
    44                              ; Public declare area
    45                              ;==========================================
    46                              .PUBLIC V_RESET
    47                              
    48                              ;==========================================================================
    49                              ; Product build reset entry. Factory test table is removed to recover ROM.
    50                              ;==========================================================================
    51 0000E000                     TEST_CODE:	.SECTION
    52 0000E000                     V_RESET:
    53 0000E000 78                  	SEI
    54 0000E001 A2 FF               	LDX		#FFH
    55 0000E003 9A                  	TXS
    56 0000E004 4C 07 E0            	JMP		User_Code_Start
    57                              	.ENDS
    58                              
    59                              .END
0 Error(s), 0 Warning(s).

